// Jest Snapshot v1, https://goo.gl/fbAQLP

exports[`Skill 1`] = `
{
  "Parameters": {
    "BootstrapVersion": {
      "Default": "/cdk-bootstrap/hnb659fds/version",
      "Description": "Version of the CDK Bootstrap resources in this environment, automatically retrieved from SSM Parameter Store. [cdk:skip]",
      "Type": "AWS::SSM::Parameter::Value<String>",
    },
    "VendorIdParameter": {
      "Default": "/Skill/VendorId",
      "Type": "AWS::SSM::Parameter::Value<String>",
    },
  },
  "Resources": {
    "Skill": {
      "DependsOn": [
        "SkillPackageRoleD5356B71",
      ],
      "Properties": {
        "AuthenticationConfiguration": {
          "Fn::Join": [
            "",
            [
              "{{resolve:secretsmanager:arn:",
              {
                "Ref": "AWS::Partition",
              },
              ":secretsmanager:",
              {
                "Ref": "AWS::Region",
              },
              ":",
              {
                "Ref": "AWS::AccountId",
              },
              ":secret:/Skill/Credentials:SecretString:::}}",
            ],
          ],
        },
        "SkillPackage": {
          "Overrides": {
            "Manifest": {
              "apis": {
                "smartHome": {
                  "endpoint": {
                    "uri": {
                      "Fn::Join": [
                        "",
                        [
                          "arn:",
                          {
                            "Ref": "AWS::Partition",
                          },
                          ":lambda:",
                          {
                            "Ref": "AWS::Region",
                          },
                          ":",
                          {
                            "Ref": "AWS::AccountId",
                          },
                          ":function:MySkillEndpointFunction",
                        ],
                      ],
                    },
                  },
                },
              },
              "publishingInformation": {
                "category": "CUSTOM",
              },
            },
          },
          "S3Bucket": {
            "Fn::Sub": "cdk-hnb659fds-assets-\${AWS::AccountId}-\${AWS::Region}",
          },
          "S3BucketRole": {
            "Fn::GetAtt": [
              "SkillPackageRoleD5356B71",
              "Arn",
            ],
          },
          "S3Key": "58abda48478dca03d3892b5160124892bc28484a0c971f7af1dfcaaea280a702.zip",
        },
        "VendorId": {
          "Ref": "VendorIdParameter",
        },
      },
      "Type": "Alexa::ASK::Skill",
    },
    "SkillPackageRoleD5356B71": {
      "Properties": {
        "AssumeRolePolicyDocument": {
          "Statement": [
            {
              "Action": "sts:AssumeRole",
              "Effect": "Allow",
              "Principal": {
                "Service": "alexa-appkit.amazon.com",
              },
            },
          ],
          "Version": "2012-10-17",
        },
      },
      "Type": "AWS::IAM::Role",
    },
  },
  "Rules": {
    "CheckBootstrapVersion": {
      "Assertions": [
        {
          "Assert": {
            "Fn::Not": [
              {
                "Fn::Contains": [
                  [
                    "1",
                    "2",
                    "3",
                    "4",
                    "5",
                  ],
                  {
                    "Ref": "BootstrapVersion",
                  },
                ],
              },
            ],
          },
          "AssertDescription": "CDK bootstrap stack version 6 required. Please run 'cdk bootstrap' with a recent version of the CDK CLI.",
        },
      ],
    },
  },
}
`;
